Archive member included to satisfy reference by file (symbol)

c:/st/stm32cubeide_1.7.0/stm32cubeide/plugins/com.st.stm32cube.ide.mcu.externaltools.gnu-tools-for-stm32.9-2020-q2-update.win32_2.0.0.202105311346/tools/bin/../lib/gcc/arm-none-eabi/9.3.1/../../../../arm-none-eabi/lib/thumb/v7-m/nofp\libc_nano.a(lib_a-errno.o)
                              ./Core/Src/syscalls.o (__errno)
c:/st/stm32cubeide_1.7.0/stm32cubeide/plugins/com.st.stm32cube.ide.mcu.externaltools.gnu-tools-for-stm32.9-2020-q2-update.win32_2.0.0.202105311346/tools/bin/../lib/gcc/arm-none-eabi/9.3.1/../../../../arm-none-eabi/lib/thumb/v7-m/nofp\libc_nano.a(lib_a-exit.o)
                              c:/st/stm32cubeide_1.7.0/stm32cubeide/plugins/com.st.stm32cube.ide.mcu.externaltools.gnu-tools-for-stm32.9-2020-q2-update.win32_2.0.0.202105311346/tools/bin/../lib/gcc/arm-none-eabi/9.3.1/../../../../arm-none-eabi/lib/thumb/v7-m/nofp/crt0.o (exit)
c:/st/stm32cubeide_1.7.0/stm32cubeide/plugins/com.st.stm32cube.ide.mcu.externaltools.gnu-tools-for-stm32.9-2020-q2-update.win32_2.0.0.202105311346/tools/bin/../lib/gcc/arm-none-eabi/9.3.1/../../../../arm-none-eabi/lib/thumb/v7-m/nofp\libc_nano.a(lib_a-impure.o)
                              c:/st/stm32cubeide_1.7.0/stm32cubeide/plugins/com.st.stm32cube.ide.mcu.externaltools.gnu-tools-for-stm32.9-2020-q2-update.win32_2.0.0.202105311346/tools/bin/../lib/gcc/arm-none-eabi/9.3.1/../../../../arm-none-eabi/lib/thumb/v7-m/nofp\libc_nano.a(lib_a-exit.o) (_global_impure_ptr)
c:/st/stm32cubeide_1.7.0/stm32cubeide/plugins/com.st.stm32cube.ide.mcu.externaltools.gnu-tools-for-stm32.9-2020-q2-update.win32_2.0.0.202105311346/tools/bin/../lib/gcc/arm-none-eabi/9.3.1/../../../../arm-none-eabi/lib/thumb/v7-m/nofp\libc_nano.a(lib_a-init.o)
                              c:/st/stm32cubeide_1.7.0/stm32cubeide/plugins/com.st.stm32cube.ide.mcu.externaltools.gnu-tools-for-stm32.9-2020-q2-update.win32_2.0.0.202105311346/tools/bin/../lib/gcc/arm-none-eabi/9.3.1/../../../../arm-none-eabi/lib/thumb/v7-m/nofp/crt0.o (__libc_init_array)
c:/st/stm32cubeide_1.7.0/stm32cubeide/plugins/com.st.stm32cube.ide.mcu.externaltools.gnu-tools-for-stm32.9-2020-q2-update.win32_2.0.0.202105311346/tools/bin/../lib/gcc/arm-none-eabi/9.3.1/../../../../arm-none-eabi/lib/thumb/v7-m/nofp\libc_nano.a(lib_a-memset.o)
                              c:/st/stm32cubeide_1.7.0/stm32cubeide/plugins/com.st.stm32cube.ide.mcu.externaltools.gnu-tools-for-stm32.9-2020-q2-update.win32_2.0.0.202105311346/tools/bin/../lib/gcc/arm-none-eabi/9.3.1/../../../../arm-none-eabi/lib/thumb/v7-m/nofp/crt0.o (memset)

Allocating common symbols
Common symbol       size              file

uwTick              0x4               ./Drivers/STM32F1xx_HAL_Driver/Src/stm32f1xx_hal.o
pFlash              0x20              ./Drivers/STM32F1xx_HAL_Driver/Src/stm32f1xx_hal_flash.o
huart1              0x44              ./Core/Src/main.o
htim2               0x48              ./Core/Src/main.o

Discarded input sections

 .text          0x0000000000000000        0x0 c:/st/stm32cubeide_1.7.0/stm32cubeide/plugins/com.st.stm32cube.ide.mcu.externaltools.gnu-tools-for-stm32.9-2020-q2-update.win32_2.0.0.202105311346/tools/bin/../lib/gcc/arm-none-eabi/9.3.1/thumb/v7-m/nofp/crti.o
 .data          0x0000000000000000        0x0 c:/st/stm32cubeide_1.7.0/stm32cubeide/plugins/com.st.stm32cube.ide.mcu.externaltools.gnu-tools-for-stm32.9-2020-q2-update.win32_2.0.0.202105311346/tools/bin/../lib/gcc/arm-none-eabi/9.3.1/thumb/v7-m/nofp/crti.o
 .bss           0x0000000000000000        0x0 c:/st/stm32cubeide_1.7.0/stm32cubeide/plugins/com.st.stm32cube.ide.mcu.externaltools.gnu-tools-for-stm32.9-2020-q2-update.win32_2.0.0.202105311346/tools/bin/../lib/gcc/arm-none-eabi/9.3.1/thumb/v7-m/nofp/crti.o
 .data          0x0000000000000000        0x4 c:/st/stm32cubeide_1.7.0/stm32cubeide/plugins/com.st.stm32cube.ide.mcu.externaltools.gnu-tools-for-stm32.9-2020-q2-update.win32_2.0.0.202105311346/tools/bin/../lib/gcc/arm-none-eabi/9.3.1/thumb/v7-m/nofp/crtbegin.o
 .text          0x0000000000000000       0x7c c:/st/stm32cubeide_1.7.0/stm32cubeide/plugins/com.st.stm32cube.ide.mcu.externaltools.gnu-tools-for-stm32.9-2020-q2-update.win32_2.0.0.202105311346/tools/bin/../lib/gcc/arm-none-eabi/9.3.1/../../../../arm-none-eabi/lib/thumb/v7-m/nofp/crt0.o
 .data          0x0000000000000000        0x0 c:/st/stm32cubeide_1.7.0/stm32cubeide/plugins/com.st.stm32cube.ide.mcu.externaltools.gnu-tools-for-stm32.9-2020-q2-update.win32_2.0.0.202105311346/tools/bin/../lib/gcc/arm-none-eabi/9.3.1/../../../../arm-none-eabi/lib/thumb/v7-m/nofp/crt0.o
 .bss           0x0000000000000000        0x0 c:/st/stm32cubeide_1.7.0/stm32cubeide/plugins/com.st.stm32cube.ide.mcu.externaltools.gnu-tools-for-stm32.9-2020-q2-update.win32_2.0.0.202105311346/tools/bin/../lib/gcc/arm-none-eabi/9.3.1/../../../../arm-none-eabi/lib/thumb/v7-m/nofp/crt0.o
[...]
Memory Configuration

Name             Origin             Length             Attributes
RAM              0x0000000020000000 0x0000000000002800 xrw
FLASH            0x0000000008000000 0x0000000000008000 xr
*default*        0x0000000000000000 0xffffffffffffffff

Linker script and memory map

LOAD c:/st/stm32cubeide_1.7.0/stm32cubeide/plugins/com.st.stm32cube.ide.mcu.externaltools.gnu-tools-for-stm32.9-2020-q2-update.win32_2.0.0.202105311346/tools/bin/../lib/gcc/arm-none-eabi/9.3.1/thumb/v7-m/nofp/crti.o
LOAD c:/st/stm32cubeide_1.7.0/stm32cubeide/plugins/com.st.stm32cube.ide.mcu.externaltools.gnu-tools-for-stm32.9-2020-q2-update.win32_2.0.0.202105311346/tools/bin/../lib/gcc/arm-none-eabi/9.3.1/thumb/v7-m/nofp/crtbegin.o
LOAD c:/st/stm32cubeide_1.7.0/stm32cubeide/plugins/com.st.stm32cube.ide.mcu.externaltools.gnu-tools-for-stm32.9-2020-q2-update.win32_2.0.0.202105311346/tools/bin/../lib/gcc/arm-none-eabi/9.3.1/../../../../arm-none-eabi/lib/thumb/v7-m/nofp/crt0.o
LOAD ./Core/Src/global.o
LOAD ./Core/Src/input_processing.o
LOAD ./Core/Src/input_reading.o
LOAD ./Core/Src/led7seg.o
LOAD ./Core/Src/main.o
LOAD ./Core/Src/output_display.o
LOAD ./Core/Src/software_timer.o
LOAD ./Core/Src/stm32f1xx_hal_msp.o
LOAD ./Core/Src/stm32f1xx_it.o
LOAD ./Core/Src/syscalls.o
LOAD ./Core/Src/sysmem.o
LOAD ./Core/Src/system_stm32f1xx.o
LOAD ./Core/Src/timer.o
LOAD ./Core/Startup/startup_stm32f103c6ux.o
LOAD ./Drivers/STM32F1xx_HAL_Driver/Src/stm32f1xx_hal.o
LOAD ./Drivers/STM32F1xx_HAL_Driver/Src/stm32f1xx_hal_cortex.o
LOAD ./Drivers/STM32F1xx_HAL_Driver/Src/stm32f1xx_hal_dma.o
LOAD ./Drivers/STM32F1xx_HAL_Driver/Src/stm32f1xx_hal_exti.o
LOAD ./Drivers/STM32F1xx_HAL_Driver/Src/stm32f1xx_hal_flash.o
LOAD ./Drivers/STM32F1xx_HAL_Driver/Src/stm32f1xx_hal_flash_ex.o
LOAD ./Drivers/STM32F1xx_HAL_Driver/Src/stm32f1xx_hal_gpio.o
LOAD ./Drivers/STM32F1xx_HAL_Driver/Src/stm32f1xx_hal_gpio_ex.o
LOAD ./Drivers/STM32F1xx_HAL_Driver/Src/stm32f1xx_hal_pwr.o
LOAD ./Drivers/STM32F1xx_HAL_Driver/Src/stm32f1xx_hal_rcc.o
LOAD ./Drivers/STM32F1xx_HAL_Driver/Src/stm32f1xx_hal_rcc_ex.o
LOAD ./Drivers/STM32F1xx_HAL_Driver/Src/stm32f1xx_hal_tim.o
LOAD ./Drivers/STM32F1xx_HAL_Driver/Src/stm32f1xx_hal_tim_ex.o
LOAD ./Drivers/STM32F1xx_HAL_Driver/Src/stm32f1xx_hal_uart.o
START GROUP
LOAD c:/st/stm32cubeide_1.7.0/stm32cubeide/plugins/com.st.stm32cube.ide.mcu.externaltools.gnu-tools-for-stm32.9-2020-q2-update.win32_2.0.0.202105311346/tools/bin/../lib/gcc/arm-none-eabi/9.3.1/../../../../arm-none-eabi/lib/thumb/v7-m/nofp\libc_nano.a
LOAD c:/st/stm32cubeide_1.7.0/stm32cubeide/plugins/com.st.stm32cube.ide.mcu.externaltools.gnu-tools-for-stm32.9-2020-q2-update.win32_2.0.0.202105311346/tools/bin/../lib/gcc/arm-none-eabi/9.3.1/../../../../arm-none-eabi/lib/thumb/v7-m/nofp\libm.a
END GROUP
START GROUP
LOAD c:/st/stm32cubeide_1.7.0/stm32cubeide/plugins/com.st.stm32cube.ide.mcu.externaltools.gnu-tools-for-stm32.9-2020-q2-update.win32_2.0.0.202105311346/tools/bin/../lib/gcc/arm-none-eabi/9.3.1/thumb/v7-m/nofp\libgcc.a
LOAD c:/st/stm32cubeide_1.7.0/stm32cubeide/plugins/com.st.stm32cube.ide.mcu.externaltools.gnu-tools-for-stm32.9-2020-q2-update.win32_2.0.0.202105311346/tools/bin/../lib/gcc/arm-none-eabi/9.3.1/../../../../arm-none-eabi/lib/thumb/v7-m/nofp\libc_nano.a
END GROUP
START GROUP
LOAD c:/st/stm32cubeide_1.7.0/stm32cubeide/plugins/com.st.stm32cube.ide.mcu.externaltools.gnu-tools-for-stm32.9-2020-q2-update.win32_2.0.0.202105311346/tools/bin/../lib/gcc/arm-none-eabi/9.3.1/thumb/v7-m/nofp\libgcc.a
LOAD c:/st/stm32cubeide_1.7.0/stm32cubeide/plugins/com.st.stm32cube.ide.mcu.externaltools.gnu-tools-for-stm32.9-2020-q2-update.win32_2.0.0.202105311346/tools/bin/../lib/gcc/arm-none-eabi/9.3.1/../../../../arm-none-eabi/lib/thumb/v7-m/nofp\libc_nano.a
LOAD c:/st/stm32cubeide_1.7.0/stm32cubeide/plugins/com.st.stm32cube.ide.mcu.externaltools.gnu-tools-for-stm32.9-2020-q2-update.win32_2.0.0.202105311346/tools/bin/../lib/gcc/arm-none-eabi/9.3.1/../../../../arm-none-eabi/lib/thumb/v7-m/nofp\libnosys.a
END GROUP
START GROUP
LOAD c:/st/stm32cubeide_1.7.0/stm32cubeide/plugins/com.st.stm32cube.ide.mcu.externaltools.gnu-tools-for-stm32.9-2020-q2-update.win32_2.0.0.202105311346/tools/bin/../lib/gcc/arm-none-eabi/9.3.1/thumb/v7-m/nofp\libgcc.a
LOAD c:/st/stm32cubeide_1.7.0/stm32cubeide/plugins/com.st.stm32cube.ide.mcu.externaltools.gnu-tools-for-stm32.9-2020-q2-update.win32_2.0.0.202105311346/tools/bin/../lib/gcc/arm-none-eabi/9.3.1/../../../../arm-none-eabi/lib/thumb/v7-m/nofp\libc_nano.a
LOAD c:/st/stm32cubeide_1.7.0/stm32cubeide/plugins/com.st.stm32cube.ide.mcu.externaltools.gnu-tools-for-stm32.9-2020-q2-update.win32_2.0.0.202105311346/tools/bin/../lib/gcc/arm-none-eabi/9.3.1/../../../../arm-none-eabi/lib/thumb/v7-m/nofp\libnosys.a
END GROUP
LOAD c:/st/stm32cubeide_1.7.0/stm32cubeide/plugins/com.st.stm32cube.ide.mcu.externaltools.gnu-tools-for-stm32.9-2020-q2-update.win32_2.0.0.202105311346/tools/bin/../lib/gcc/arm-none-eabi/9.3.1/thumb/v7-m/nofp/crtend.o
LOAD c:/st/stm32cubeide_1.7.0/stm32cubeide/plugins/com.st.stm32cube.ide.mcu.externaltools.gnu-tools-for-stm32.9-2020-q2-update.win32_2.0.0.202105311346/tools/bin/../lib/gcc/arm-none-eabi/9.3.1/thumb/v7-m/nofp/crtn.o
                0x0000000020002800                _estack = (ORIGIN (RAM) + LENGTH (RAM))
                0x0000000000000200                _Min_Heap_Size = 0x200
                0x0000000000000400                _Min_Stack_Size = 0x400

.isr_vector     0x0000000008000000      0x10c
                0x0000000008000000                . = ALIGN (0x4)
 *(.isr_vector)
 .isr_vector    0x0000000008000000      0x10c ./Core/Startup/startup_stm32f103c6ux.o
                0x0000000008000000                g_pfnVectors
                0x000000000800010c                . = ALIGN (0x4)

.text           0x000000000800010c     0x287c
                0x000000000800010c                . = ALIGN (0x4)
 *(.text)
 .text          0x000000000800010c       0x40 c:/st/stm32cubeide_1.7.0/stm32cubeide/plugins/com.st.stm32cube.ide.mcu.externaltools.gnu-tools-for-stm32.9-2020-q2-update.win32_2.0.0.202105311346/tools/bin/../lib/gcc/arm-none-eabi/9.3.1/thumb/v7-m/nofp/crtbegin.o
 *(.text*)
 .text.WhichButtonIsPressed
                0x000000000800014c       0x3a ./Core/Src/input_processing.o
                0x000000000800014c                WhichButtonIsPressed
 *fill*         0x0000000008000186        0x2 
 .text.fsm_button
                0x0000000008000188       0xa4 ./Core/Src/input_processing.o
                0x0000000008000188                fsm_button
 .text.fsm_simple_button_run
                0x000000000800022c       0x40 ./Core/Src/input_processing.o
                0x000000000800022c                fsm_simple_button_run
 .text.button_reading
                0x000000000800026c      0x14c ./Core/Src/input_reading.o
                0x000000000800026c                button_reading
 .text.is_button_pressed
                0x00000000080003b8       0x34 ./Core/Src/input_reading.o
                0x00000000080003b8                is_button_pressed
 .text.display7SEG
                0x00000000080003ec       0x2c ./Core/Src/led7seg.o
                0x00000000080003ec                display7SEG
 .text.main     0x0000000008000418       0x28 ./Core/Src/main.o
                0x0000000008000418                main
 .text.SystemClock_Config
                0x0000000008000440       0x76 ./Core/Src/main.o
                0x0000000008000440                SystemClock_Config
 *fill*         0x00000000080004b6        0x2 
 .text.MX_TIM2_Init
                0x00000000080004b8       0x98 ./Core/Src/main.o
 .text.MX_USART1_UART_Init
                0x0000000008000550       0x54 ./Core/Src/main.o
 .text.MX_GPIO_Init
                0x00000000080005a4       0xc4 ./Core/Src/main.o
 .text.Error_Handler
                0x0000000008000668        0xa ./Core/Src/main.o
                0x0000000008000668                Error_Handler
 *fill*         0x0000000008000672        0x2 
 .text.timerRun
                0x0000000008000674       0xd4 ./Core/Src/software_timer.o
                0x0000000008000674                timerRun
 .text.HAL_MspInit
                0x0000000008000748       0x64 ./Core/Src/stm32f1xx_hal_msp.o
                0x0000000008000748                HAL_MspInit
 .text.HAL_TIM_Base_MspInit
                0x00000000080007ac       0x48 ./Core/Src/stm32f1xx_hal_msp.o
                0x00000000080007ac                HAL_TIM_Base_MspInit
 .text.HAL_UART_MspInit
                0x00000000080007f4       0xa8 ./Core/Src/stm32f1xx_hal_msp.o
                0x00000000080007f4                HAL_UART_MspInit
 .text.NMI_Handler
                0x000000000800089c        0x6 ./Core/Src/stm32f1xx_it.o
                0x000000000800089c                NMI_Handler
 .text.HardFault_Handler
                0x00000000080008a2        0x6 ./Core/Src/stm32f1xx_it.o
                0x00000000080008a2                HardFault_Handler
 .text.MemManage_Handler
                0x00000000080008a8        0x6 ./Core/Src/stm32f1xx_it.o
                0x00000000080008a8                MemManage_Handler
 .text.BusFault_Handler
                0x00000000080008ae        0x6 ./Core/Src/stm32f1xx_it.o
                0x00000000080008ae                BusFault_Handler
 .text.UsageFault_Handler
                0x00000000080008b4        0x6 ./Core/Src/stm32f1xx_it.o
                0x00000000080008b4                UsageFault_Handler
 .text.SVC_Handler
                0x00000000080008ba        0xc ./Core/Src/stm32f1xx_it.o
                0x00000000080008ba                SVC_Handler
 .text.DebugMon_Handler
                0x00000000080008c6        0xc ./Core/Src/stm32f1xx_it.o
                0x00000000080008c6                DebugMon_Handler
 .text.PendSV_Handler
                0x00000000080008d2        0xc ./Core/Src/stm32f1xx_it.o
                0x00000000080008d2                PendSV_Handler
 .text.SysTick_Handler
                0x00000000080008de        0xc ./Core/Src/stm32f1xx_it.o
                0x00000000080008de                SysTick_Handler
 *fill*         0x00000000080008ea        0x2 
 .text.TIM2_IRQHandler
                0x00000000080008ec       0x14 ./Core/Src/stm32f1xx_it.o
                0x00000000080008ec                TIM2_IRQHandler
 .text.USART1_IRQHandler
                0x0000000008000900       0x14 ./Core/Src/stm32f1xx_it.o
                0x0000000008000900                USART1_IRQHandler
 .text.SystemInit
                0x0000000008000914        0xc ./Core/Src/system_stm32f1xx.o
                0x0000000008000914                SystemInit
 .text.HAL_TIM_PeriodElapsedCallback
                0x0000000008000920       0x22 ./Core/Src/timer.o
                0x0000000008000920                HAL_TIM_PeriodElapsedCallback
 *fill*         0x0000000008000942        0x2 
 .text.Reset_Handler
                0x0000000008000944       0x48 ./Core/Startup/startup_stm32f103c6ux.o
                0x0000000008000944                Reset_Handler
 .text.Default_Handler
                0x000000000800098c        0x2 ./Core/Startup/startup_stm32f103c6ux.o
                0x000000000800098c                RTC_Alarm_IRQHandler
                0x000000000800098c                EXTI2_IRQHandler
                0x000000000800098c                TIM1_CC_IRQHandler
                0x000000000800098c                PVD_IRQHandler
                0x000000000800098c                EXTI3_IRQHandler
                0x000000000800098c                EXTI0_IRQHandler
                0x000000000800098c                ADC1_2_IRQHandler
                0x000000000800098c                SPI1_IRQHandler
                0x000000000800098c                TAMPER_IRQHandler
                0x000000000800098c                DMA1_Channel4_IRQHandler
                0x000000000800098c                RTC_IRQHandler
                0x000000000800098c                DMA1_Channel7_IRQHandler
                0x000000000800098c                CAN1_RX1_IRQHandler
                0x000000000800098c                I2C1_EV_IRQHandler
                0x000000000800098c                DMA1_Channel6_IRQHandler
                0x000000000800098c                TIM3_IRQHandler
                0x000000000800098c                RCC_IRQHandler
                0x000000000800098c                TIM1_TRG_COM_IRQHandler
                0x000000000800098c                DMA1_Channel1_IRQHandler
                0x000000000800098c                Default_Handler
                0x000000000800098c                EXTI15_10_IRQHandler
                0x000000000800098c                EXTI9_5_IRQHandler
                0x000000000800098c                DMA1_Channel5_IRQHandler
                0x000000000800098c                EXTI4_IRQHandler
                0x000000000800098c                USB_LP_CAN1_RX0_IRQHandler
                0x000000000800098c                USB_HP_CAN1_TX_IRQHandler
                0x000000000800098c                DMA1_Channel3_IRQHandler
                0x000000000800098c                TIM1_UP_IRQHandler
                0x000000000800098c                WWDG_IRQHandler
                0x000000000800098c                TIM1_BRK_IRQHandler
                0x000000000800098c                EXTI1_IRQHandler
                0x000000000800098c                USART2_IRQHandler
                0x000000000800098c                DMA1_Channel2_IRQHandler
                0x000000000800098c                CAN1_SCE_IRQHandler
                0x000000000800098c                FLASH_IRQHandler
                0x000000000800098c                I2C1_ER_IRQHandler
                0x000000000800098c                USBWakeUp_IRQHandler
 *fill*         0x000000000800098e        0x2 
 .text.HAL_Init
                0x0000000008000990       0x2c ./Drivers/STM32F1xx_HAL_Driver/Src/stm32f1xx_hal.o
                0x0000000008000990                HAL_Init
 .text.HAL_InitTick
                0x00000000080009bc       0x60 ./Drivers/STM32F1xx_HAL_Driver/Src/stm32f1xx_hal.o
                0x00000000080009bc                HAL_InitTick
 .text.HAL_IncTick
                0x0000000008000a1c       0x24 ./Drivers/STM32F1xx_HAL_Driver/Src/stm32f1xx_hal.o
                0x0000000008000a1c                HAL_IncTick
 .text.HAL_GetTick
                0x0000000008000a40       0x14 ./Drivers/STM32F1xx_HAL_Driver/Src/stm32f1xx_hal.o
                0x0000000008000a40                HAL_GetTick
 .text.__NVIC_SetPriorityGrouping
                0x0000000008000a54       0x48 ./Drivers/STM32F1xx_HAL_Driver/Src/stm32f1xx_hal_cortex.o
 .text.__NVIC_GetPriorityGrouping
                0x0000000008000a9c       0x1c ./Drivers/STM32F1xx_HAL_Driver/Src/stm32f1xx_hal_cortex.o
 .text.__NVIC_EnableIRQ
                0x0000000008000ab8       0x38 ./Drivers/STM32F1xx_HAL_Driver/Src/stm32f1xx_hal_cortex.o
 .text.__NVIC_SetPriority
                0x0000000008000af0       0x54 ./Drivers/STM32F1xx_HAL_Driver/Src/stm32f1xx_hal_cortex.o
 .text.NVIC_EncodePriority
                0x0000000008000b44       0x64 ./Drivers/STM32F1xx_HAL_Driver/Src/stm32f1xx_hal_cortex.o
 .text.SysTick_Config
                0x0000000008000ba8       0x44 ./Drivers/STM32F1xx_HAL_Driver/Src/stm32f1xx_hal_cortex.o
 .text.HAL_NVIC_SetPriorityGrouping
                0x0000000008000bec       0x16 ./Drivers/STM32F1xx_HAL_Driver/Src/stm32f1xx_hal_cortex.o
                0x0000000008000bec                HAL_NVIC_SetPriorityGrouping
 .text.HAL_NVIC_SetPriority
                0x0000000008000c02       0x38 ./Drivers/STM32F1xx_HAL_Driver/Src/stm32f1xx_hal_cortex.o
                0x0000000008000c02                HAL_NVIC_SetPriority
 .text.HAL_NVIC_EnableIRQ
                0x0000000008000c3a       0x1c ./Drivers/STM32F1xx_HAL_Driver/Src/stm32f1xx_hal_cortex.o
                0x0000000008000c3a                HAL_NVIC_EnableIRQ
 .text.HAL_SYSTICK_Config
                0x0000000008000c56       0x18 ./Drivers/STM32F1xx_HAL_Driver/Src/stm32f1xx_hal_cortex.o
                0x0000000008000c56                HAL_SYSTICK_Config
 .text.HAL_DMA_Abort
                0x0000000008000c6e       0x74 ./Drivers/STM32F1xx_HAL_Driver/Src/stm32f1xx_hal_dma.o
                0x0000000008000c6e                HAL_DMA_Abort
 *fill*         0x0000000008000ce2        0x2 
 .text.HAL_DMA_Abort_IT
                0x0000000008000ce4       0xec ./Drivers/STM32F1xx_HAL_Driver/Src/stm32f1xx_hal_dma.o
                0x0000000008000ce4                HAL_DMA_Abort_IT
 .text.HAL_GPIO_Init
                0x0000000008000dd0      0x2f4 ./Drivers/STM32F1xx_HAL_Driver/Src/stm32f1xx_hal_gpio.o
                0x0000000008000dd0                HAL_GPIO_Init
 .text.HAL_GPIO_ReadPin
                0x00000000080010c4       0x2e ./Drivers/STM32F1xx_HAL_Driver/Src/stm32f1xx_hal_gpio.o
                0x00000000080010c4                HAL_GPIO_ReadPin
 .text.HAL_GPIO_WritePin
                0x00000000080010f2       0x30 ./Drivers/STM32F1xx_HAL_Driver/Src/stm32f1xx_hal_gpio.o
                0x00000000080010f2                HAL_GPIO_WritePin
 *fill*         0x0000000008001122        0x2 
 .text.HAL_RCC_OscConfig
                0x0000000008001124      0x500 ./Drivers/STM32F1xx_HAL_Driver/Src/stm32f1xx_hal_rcc.o
                0x0000000008001124                HAL_RCC_OscConfig
 .text.HAL_RCC_ClockConfig
                0x0000000008001624      0x1d4 ./Drivers/STM32F1xx_HAL_Driver/Src/stm32f1xx_hal_rcc.o
                0x0000000008001624                HAL_RCC_ClockConfig
 .text.HAL_RCC_GetSysClockFreq
                0x00000000080017f8       0xc0 ./Drivers/STM32F1xx_HAL_Driver/Src/stm32f1xx_hal_rcc.o
                0x00000000080017f8                HAL_RCC_GetSysClockFreq
 .text.HAL_RCC_GetHCLKFreq
                0x00000000080018b8       0x14 ./Drivers/STM32F1xx_HAL_Driver/Src/stm32f1xx_hal_rcc.o
                0x00000000080018b8                HAL_RCC_GetHCLKFreq
 .text.HAL_RCC_GetPCLK1Freq
                0x00000000080018cc       0x28 ./Drivers/STM32F1xx_HAL_Driver/Src/stm32f1xx_hal_rcc.o
                0x00000000080018cc                HAL_RCC_GetPCLK1Freq
 .text.HAL_RCC_GetPCLK2Freq
                0x00000000080018f4       0x28 ./Drivers/STM32F1xx_HAL_Driver/Src/stm32f1xx_hal_rcc.o
                0x00000000080018f4                HAL_RCC_GetPCLK2Freq
 .text.RCC_Delay
                0x000000000800191c       0x3c ./Drivers/STM32F1xx_HAL_Driver/Src/stm32f1xx_hal_rcc.o
 .text.HAL_TIM_Base_Init
                0x0000000008001958       0x9e ./Drivers/STM32F1xx_HAL_Driver/Src/stm32f1xx_hal_tim.o
                0x0000000008001958                HAL_TIM_Base_Init
 *fill*         0x00000000080019f6        0x2 
 .text.HAL_TIM_Base_Start_IT
                0x00000000080019f8       0x98 ./Drivers/STM32F1xx_HAL_Driver/Src/stm32f1xx_hal_tim.o
                0x00000000080019f8                HAL_TIM_Base_Start_IT
 .text.HAL_TIM_IRQHandler
                0x0000000008001a90      0x210 ./Drivers/STM32F1xx_HAL_Driver/Src/stm32f1xx_hal_tim.o
                0x0000000008001a90                HAL_TIM_IRQHandler
 .text.HAL_TIM_ConfigClockSource
                0x0000000008001ca0      0x188 ./Drivers/STM32F1xx_HAL_Driver/Src/stm32f1xx_hal_tim.o
                0x0000000008001ca0                HAL_TIM_ConfigClockSource
 .text.HAL_TIM_OC_DelayElapsedCallback
                0x0000000008001e28       0x12 ./Drivers/STM32F1xx_HAL_Driver/Src/stm32f1xx_hal_tim.o
                0x0000000008001e28                HAL_TIM_OC_DelayElapsedCallback
 .text.HAL_TIM_IC_CaptureCallback
                0x0000000008001e3a       0x12 ./Drivers/STM32F1xx_HAL_Driver/Src/stm32f1xx_hal_tim.o
                0x0000000008001e3a                HAL_TIM_IC_CaptureCallback
 .text.HAL_TIM_PWM_PulseFinishedCallback
                0x0000000008001e4c       0x12 ./Drivers/STM32F1xx_HAL_Driver/Src/stm32f1xx_hal_tim.o
                0x0000000008001e4c                HAL_TIM_PWM_PulseFinishedCallback
 .text.HAL_TIM_TriggerCallback
                0x0000000008001e5e       0x12 ./Drivers/STM32F1xx_HAL_Driver/Src/stm32f1xx_hal_tim.o
                0x0000000008001e5e                HAL_TIM_TriggerCallback
 .text.TIM_Base_SetConfig
                0x0000000008001e70       0xb0 ./Drivers/STM32F1xx_HAL_Driver/Src/stm32f1xx_hal_tim.o
                0x0000000008001e70                TIM_Base_SetConfig
 .text.TIM_TI1_ConfigInputStage
                0x0000000008001f20       0x5c ./Drivers/STM32F1xx_HAL_Driver/Src/stm32f1xx_hal_tim.o
 .text.TIM_TI2_ConfigInputStage
                0x0000000008001f7c       0x5e ./Drivers/STM32F1xx_HAL_Driver/Src/stm32f1xx_hal_tim.o
 .text.TIM_ITRx_SetConfig
                0x0000000008001fda       0x34 ./Drivers/STM32F1xx_HAL_Driver/Src/stm32f1xx_hal_tim.o
 .text.TIM_ETR_SetConfig
                0x000000000800200e       0x3e ./Drivers/STM32F1xx_HAL_Driver/Src/stm32f1xx_hal_tim.o
                0x000000000800200e                TIM_ETR_SetConfig
 .text.HAL_TIMEx_MasterConfigSynchronization
                0x000000000800204c       0xb0 ./Drivers/STM32F1xx_HAL_Driver/Src/stm32f1xx_hal_tim_ex.o
                0x000000000800204c                HAL_TIMEx_MasterConfigSynchronization
 .text.HAL_TIMEx_CommutCallback
                0x00000000080020fc       0x12 ./Drivers/STM32F1xx_HAL_Driver/Src/stm32f1xx_hal_tim_ex.o
                0x00000000080020fc                HAL_TIMEx_CommutCallback
 .text.HAL_TIMEx_BreakCallback
                0x000000000800210e       0x12 ./Drivers/STM32F1xx_HAL_Driver/Src/stm32f1xx_hal_tim_ex.o
                0x000000000800210e                HAL_TIMEx_BreakCallback
 .text.HAL_UART_Init
                0x0000000008002120       0x9a ./Drivers/STM32F1xx_HAL_Driver/Src/stm32f1xx_hal_uart.o
                0x0000000008002120                HAL_UART_Init
 *fill*         0x00000000080021ba        0x2 
 .text.HAL_UART_IRQHandler
                0x00000000080021bc      0x354 ./Drivers/STM32F1xx_HAL_Driver/Src/stm32f1xx_hal_uart.o
                0x00000000080021bc                HAL_UART_IRQHandler
 .text.HAL_UART_TxCpltCallback
                0x0000000008002510       0x12 ./Drivers/STM32F1xx_HAL_Driver/Src/stm32f1xx_hal_uart.o
                0x0000000008002510                HAL_UART_TxCpltCallback
 .text.HAL_UART_RxCpltCallback
                0x0000000008002522       0x12 ./Drivers/STM32F1xx_HAL_Driver/Src/stm32f1xx_hal_uart.o
                0x0000000008002522                HAL_UART_RxCpltCallback
 .text.HAL_UART_ErrorCallback
                0x0000000008002534       0x12 ./Drivers/STM32F1xx_HAL_Driver/Src/stm32f1xx_hal_uart.o
                0x0000000008002534                HAL_UART_ErrorCallback
 .text.HAL_UARTEx_RxEventCallback
                0x0000000008002546       0x16 ./Drivers/STM32F1xx_HAL_Driver/Src/stm32f1xx_hal_uart.o
                0x0000000008002546                HAL_UARTEx_RxEventCallback
 .text.UART_EndRxTransfer
                0x000000000800255c       0x58 ./Drivers/STM32F1xx_HAL_Driver/Src/stm32f1xx_hal_uart.o
 .text.UART_DMAAbortOnError
                0x00000000080025b4       0x28 ./Drivers/STM32F1xx_HAL_Driver/Src/stm32f1xx_hal_uart.o
 .text.UART_Transmit_IT
                0x00000000080025dc       0x9e ./Drivers/STM32F1xx_HAL_Driver/Src/stm32f1xx_hal_uart.o
 .text.UART_EndTransmit_IT
                0x000000000800267a       0x30 ./Drivers/STM32F1xx_HAL_Driver/Src/stm32f1xx_hal_uart.o
 .text.UART_Receive_IT
                0x00000000080026aa      0x152 ./Drivers/STM32F1xx_HAL_Driver/Src/stm32f1xx_hal_uart.o
 .text.UART_SetConfig
                0x00000000080027fc      0x11c ./Drivers/STM32F1xx_HAL_Driver/Src/stm32f1xx_hal_uart.o
 .text.__libc_init_array
                0x0000000008002918       0x48 c:/st/stm32cubeide_1.7.0/stm32cubeide/plugins/com.st.stm32cube.ide.mcu.externaltools.gnu-tools-for-stm32.9-2020-q2-update.win32_2.0.0.202105311346/tools/bin/../lib/gcc/arm-none-eabi/9.3.1/../../../../arm-none-eabi/lib/thumb/v7-m/nofp\libc_nano.a(lib_a-init.o)
                0x0000000008002918                __libc_init_array
 .text.memset   0x0000000008002960       0x10 c:/st/stm32cubeide_1.7.0/stm32cubeide/plugins/com.st.stm32cube.ide.mcu.externaltools.gnu-tools-for-stm32.9-2020-q2-update.win32_2.0.0.202105311346/tools/bin/../lib/gcc/arm-none-eabi/9.3.1/../../../../arm-none-eabi/lib/thumb/v7-m/nofp\libc_nano.a(lib_a-memset.o)
                0x0000000008002960                memset
 *(.glue_7)
 .glue_7        0x0000000008002970        0x0 linker stubs
 *(.glue_7t)
 .glue_7t       0x0000000008002970        0x0 linker stubs
 *(.eh_frame)
 .eh_frame      0x0000000008002970        0x0 c:/st/stm32cubeide_1.7.0/stm32cubeide/plugins/com.st.stm32cube.ide.mcu.externaltools.gnu-tools-for-stm32.9-2020-q2-update.win32_2.0.0.202105311346/tools/bin/../lib/gcc/arm-none-eabi/9.3.1/thumb/v7-m/nofp/crtbegin.o
 *(.init)
 .init          0x0000000008002970        0x4 c:/st/stm32cubeide_1.7.0/stm32cubeide/plugins/com.st.stm32cube.ide.mcu.externaltools.gnu-tools-for-stm32.9-2020-q2-update.win32_2.0.0.202105311346/tools/bin/../lib/gcc/arm-none-eabi/9.3.1/thumb/v7-m/nofp/crti.o
                0x0000000008002970                _init
 .init          0x0000000008002974        0x8 c:/st/stm32cubeide_1.7.0/stm32cubeide/plugins/com.st.stm32cube.ide.mcu.externaltools.gnu-tools-for-stm32.9-2020-q2-update.win32_2.0.0.202105311346/tools/bin/../lib/gcc/arm-none-eabi/9.3.1/thumb/v7-m/nofp/crtn.o
 *(.fini)
 .fini          0x000000000800297c        0x4 c:/st/stm32cubeide_1.7.0/stm32cubeide/plugins/com.st.stm32cube.ide.mcu.externaltools.gnu-tools-for-stm32.9-2020-q2-update.win32_2.0.0.202105311346/tools/bin/../lib/gcc/arm-none-eabi/9.3.1/thumb/v7-m/nofp/crti.o
                0x000000000800297c                _fini
 .fini          0x0000000008002980        0x8 c:/st/stm32cubeide_1.7.0/stm32cubeide/plugins/com.st.stm32cube.ide.mcu.externaltools.gnu-tools-for-stm32.9-2020-q2-update.win32_2.0.0.202105311346/tools/bin/../lib/gcc/arm-none-eabi/9.3.1/thumb/v7-m/nofp/crtn.o
                0x0000000008002988                . = ALIGN (0x4)
                0x0000000008002988                _etext = .

.vfp11_veneer   0x0000000008002988        0x0
 .vfp11_veneer  0x0000000008002988        0x0 linker stubs

.v4_bx          0x0000000008002988        0x0
 .v4_bx         0x0000000008002988        0x0 linker stubs

.iplt           0x0000000008002988        0x0
 .iplt          0x0000000008002988        0x0 c:/st/stm32cubeide_1.7.0/stm32cubeide/plugins/com.st.stm32cube.ide.mcu.externaltools.gnu-tools-for-stm32.9-2020-q2-update.win32_2.0.0.202105311346/tools/bin/../lib/gcc/arm-none-eabi/9.3.1/thumb/v7-m/nofp/crtbegin.o

.rodata         0x0000000008002988       0x28
                0x0000000008002988                . = ALIGN (0x4)
 *(.rodata)
 .rodata        0x0000000008002988       0x10 ./Drivers/STM32F1xx_HAL_Driver/Src/stm32f1xx_hal_rcc.o
 *(.rodata*)
 .rodata.AHBPrescTable
                0x0000000008002998       0x10 ./Core/Src/system_stm32f1xx.o
                0x0000000008002998                AHBPrescTable
 .rodata.APBPrescTable
                0x00000000080029a8        0x8 ./Core/Src/system_stm32f1xx.o
                0x00000000080029a8                APBPrescTable
                0x00000000080029b0                . = ALIGN (0x4)

.rel.dyn        0x00000000080029b0        0x0
 .rel.iplt      0x00000000080029b0        0x0 c:/st/stm32cubeide_1.7.0/stm32cubeide/plugins/com.st.stm32cube.ide.mcu.externaltools.gnu-tools-for-stm32.9-2020-q2-update.win32_2.0.0.202105311346/tools/bin/../lib/gcc/arm-none-eabi/9.3.1/thumb/v7-m/nofp/crtbegin.o

.ARM.extab      0x00000000080029b0        0x0
                0x00000000080029b0                . = ALIGN (0x4)
 *(.ARM.extab* .gnu.linkonce.armextab.*)
                0x00000000080029b0                . = ALIGN (0x4)

.ARM            0x00000000080029b0        0x0
                0x00000000080029b0                . = ALIGN (0x4)
                0x00000000080029b0                __exidx_start = .
 *(.ARM.exidx*)
                0x00000000080029b0                __exidx_end = .
                0x00000000080029b0                . = ALIGN (0x4)

.preinit_array  0x00000000080029b0        0x0
                0x00000000080029b0                . = ALIGN (0x4)
                0x00000000080029b0                PROVIDE (__preinit_array_start = .)
 *(.preinit_array*)
                0x00000000080029b0                PROVIDE (__preinit_array_end = .)
                0x00000000080029b0                . = ALIGN (0x4)

.init_array     0x00000000080029b0        0x4
                0x00000000080029b0                . = ALIGN (0x4)
                0x00000000080029b0                PROVIDE (__init_array_start = .)
 *(SORT_BY_NAME(.init_array.*))
 *(.init_array*)
 .init_array    0x00000000080029b0        0x4 c:/st/stm32cubeide_1.7.0/stm32cubeide/plugins/com.st.stm32cube.ide.mcu.externaltools.gnu-tools-for-stm32.9-2020-q2-update.win32_2.0.0.202105311346/tools/bin/../lib/gcc/arm-none-eabi/9.3.1/thumb/v7-m/nofp/crtbegin.o
                0x00000000080029b4                PROVIDE (__init_array_end = .)
                0x00000000080029b4                . = ALIGN (0x4)

.fini_array     0x00000000080029b4        0x4
                0x00000000080029b4                . = ALIGN (0x4)
                [!provide]                        PROVIDE (__fini_array_start = .)
 *(SORT_BY_NAME(.fini_array.*))
 *(.fini_array*)
 .fini_array    0x00000000080029b4        0x4 c:/st/stm32cubeide_1.7.0/stm32cubeide/plugins/com.st.stm32cube.ide.mcu.externaltools.gnu-tools-for-stm32.9-2020-q2-update.win32_2.0.0.202105311346/tools/bin/../lib/gcc/arm-none-eabi/9.3.1/thumb/v7-m/nofp/crtbegin.o
                [!provide]                        PROVIDE (__fini_array_end = .)
                0x00000000080029b8                . = ALIGN (0x4)
                0x00000000080029b8                _sidata = LOADADDR (.data)

.data           0x0000000020000000       0x2c load address 0x00000000080029b8
                0x0000000020000000                . = ALIGN (0x4)
                0x0000000020000000                _sdata = .
 *(.data)
 *(.data*)
 .data.buttonPort
                0x0000000020000000        0xc ./Core/Src/input_reading.o
 .data.buttonPin
                0x000000002000000c        0x6 ./Core/Src/input_reading.o
 *fill*         0x0000000020000012        0x2 
 .data.led7seg  0x0000000020000014        0xa ./Core/Src/led7seg.o
 *fill*         0x000000002000001e        0x2 
 .data.SystemCoreClock
                0x0000000020000020        0x4 ./Core/Src/system_stm32f1xx.o
                0x0000000020000020                SystemCoreClock
 .data.uwTickPrio
                0x0000000020000024        0x4 ./Drivers/STM32F1xx_HAL_Driver/Src/stm32f1xx_hal.o
                0x0000000020000024                uwTickPrio
 .data.uwTickFreq
                0x0000000020000028        0x1 ./Drivers/STM32F1xx_HAL_Driver/Src/stm32f1xx_hal.o
                0x0000000020000028                uwTickFreq
 *(.RamFunc)
 *(.RamFunc*)
                0x000000002000002c                . = ALIGN (0x4)
 *fill*         0x0000000020000029        0x3 
                0x000000002000002c                _edata = .

.igot.plt       0x000000002000002c        0x0 load address 0x00000000080029e4
 .igot.plt      0x000000002000002c        0x0 c:/st/stm32cubeide_1.7.0/stm32cubeide/plugins/com.st.stm32cube.ide.mcu.externaltools.gnu-tools-for-stm32.9-2020-q2-update.win32_2.0.0.202105311346/tools/bin/../lib/gcc/arm-none-eabi/9.3.1/thumb/v7-m/nofp/crtbegin.o
                0x000000002000002c                . = ALIGN (0x4)

.bss            0x000000002000002c      0x10c load address 0x00000000080029e4
                0x000000002000002c                _sbss = .
                0x000000002000002c                __bss_start__ = _sbss
 *(.bss)
 .bss           0x000000002000002c       0x1c c:/st/stm32cubeide_1.7.0/stm32cubeide/plugins/com.st.stm32cube.ide.mcu.externaltools.gnu-tools-for-stm32.9-2020-q2-update.win32_2.0.0.202105311346/tools/bin/../lib/gcc/arm-none-eabi/9.3.1/thumb/v7-m/nofp/crtbegin.o
 *(.bss*)
 .bss.counter   0x0000000020000048        0x4 ./Core/Src/global.o
                0x0000000020000048                counter
 .bss.AllowToExecuteAfterASecondPressed
                0x000000002000004c        0x4 ./Core/Src/global.o
                0x000000002000004c                AllowToExecuteAfterASecondPressed
 .bss.flagForButtonPress1sWhileHolding
                0x0000000020000050        0xc ./Core/Src/global.o
                0x0000000020000050                flagForButtonPress1sWhileHolding
 .bss.state     0x000000002000005c        0x1 ./Core/Src/input_processing.o
                0x000000002000005c                state
 *fill*         0x000000002000005d        0x3 
 .bss.buttonBuffer
                0x0000000020000060        0x3 ./Core/Src/input_reading.o
 *fill*         0x0000000020000063        0x1 
 .bss.debounceButtonBuffer1
                0x0000000020000064        0x3 ./Core/Src/input_reading.o
 *fill*         0x0000000020000067        0x1 
 .bss.debounceButtonBuffer2
                0x0000000020000068        0x3 ./Core/Src/input_reading.o
 *fill*         0x000000002000006b        0x1 
 .bss.flagForButtonPress3s
                0x000000002000006c        0x3 ./Core/Src/input_reading.o
 *fill*         0x000000002000006f        0x1 
 .bss.counterForButtonPress3s
                0x0000000020000070        0x6 ./Core/Src/input_reading.o
 *fill*         0x0000000020000076        0x2 
 .bss.counterForButtonPress1sWhileHolding
                0x0000000020000078        0x6 ./Core/Src/input_reading.o
 *fill*         0x000000002000007e        0x2 
 .bss.timer1_flag
                0x0000000020000080        0x4 ./Core/Src/software_timer.o
                0x0000000020000080                timer1_flag
 .bss.timer2_flag
                0x0000000020000084        0x4 ./Core/Src/software_timer.o
                0x0000000020000084                timer2_flag
 .bss.timer3_flag
                0x0000000020000088        0x4 ./Core/Src/software_timer.o
                0x0000000020000088                timer3_flag
 .bss.timer4_flag
                0x000000002000008c        0x4 ./Core/Src/software_timer.o
                0x000000002000008c                timer4_flag
 .bss.timer5_flag
                0x0000000020000090        0x4 ./Core/Src/software_timer.o
                0x0000000020000090                timer5_flag
 .bss.timer1_counter
                0x0000000020000094        0x4 ./Core/Src/software_timer.o
                0x0000000020000094                timer1_counter
 .bss.timer2_counter
                0x0000000020000098        0x4 ./Core/Src/software_timer.o
                0x0000000020000098                timer2_counter
 .bss.timer3_counter
                0x000000002000009c        0x4 ./Core/Src/software_timer.o
                0x000000002000009c                timer3_counter
 .bss.timer4_counter
                0x00000000200000a0        0x4 ./Core/Src/software_timer.o
                0x00000000200000a0                timer4_counter
 .bss.timer5_counter
                0x00000000200000a4        0x4 ./Core/Src/software_timer.o
                0x00000000200000a4                timer5_counter
 *(COMMON)
 COMMON         0x00000000200000a8       0x8c ./Core/Src/main.o
                0x00000000200000a8                huart1
                0x00000000200000ec                htim2
 COMMON         0x0000000020000134        0x4 ./Drivers/STM32F1xx_HAL_Driver/Src/stm32f1xx_hal.o
                0x0000000020000134                uwTick
                0x0000000020000138                . = ALIGN (0x4)
                0x0000000020000138                _ebss = .
                0x0000000020000138                __bss_end__ = _ebss

._user_heap_stack
                0x0000000020000138      0x600 load address 0x00000000080029e4
                0x0000000020000138                . = ALIGN (0x8)
                [!provide]                        PROVIDE (end = .)
                0x0000000020000138                PROVIDE (_end = .)
                0x0000000020000338                . = (. + _Min_Heap_Size)
 *fill*         0x0000000020000138      0x200 
                0x0000000020000738                . = (. + _Min_Stack_Size)
 *fill*         0x0000000020000338      0x400 
                0x0000000020000738                . = ALIGN (0x8)

/DISCARD/
 libc.a(*)
 libm.a(*)
 libgcc.a(*)

.ARM.attributes
                0x0000000000000000       0x29
 *(.ARM.attributes)
 .ARM.attributes
                0x0000000000000000       0x1d c:/st/stm32cubeide_1.7.0/stm32cubeide/plugins/com.st.stm32cube.ide.mcu.externaltools.gnu-tools-for-stm32.9-2020-q2-update.win32_2.0.0.202105311346/tools/bin/../lib/gcc/arm-none-eabi/9.3.1/thumb/v7-m/nofp/crti.o
 .ARM.attributes
                0x000000000000001d       0x2d c:/st/stm32cubeide_1.7.0/stm32cubeide/plugins/com.st.stm32cube.ide.mcu.externaltools.gnu-tools-for-stm32.9-2020-q2-update.win32_2.0.0.202105311346/tools/bin/../lib/gcc/arm-none-eabi/9.3.1/thumb/v7-m/nofp/crtbegin.o
 .ARM.attributes
                0x000000000000004a       0x33 ./Core/Src/global.o
 .ARM.attributes
                0x000000000000007d       0x2d ./Core/Src/input_processing.o
 .ARM.attributes
                0x00000000000000aa       0x2d ./Core/Src/input_reading.o
 .ARM.attributes
                0x00000000000000d7       0x2d ./Core/Src/led7seg.o
 .ARM.attributes
                0x0000000000000104       0x2d ./Core/Src/main.o
 .ARM.attributes
                0x0000000000000131       0x2d ./Core/Src/software_timer.o
 .ARM.attributes
                0x000000000000015e       0x2d ./Core/Src/stm32f1xx_hal_msp.o
 .ARM.attributes
                0x000000000000018b       0x2d ./Core/Src/stm32f1xx_it.o
 .ARM.attributes
                0x00000000000001b8       0x2d ./Core/Src/system_stm32f1xx.o
 .ARM.attributes
                0x00000000000001e5       0x2d ./Core/Src/timer.o
 .ARM.attributes
                0x0000000000000212       0x21 ./Core/Startup/startup_stm32f103c6ux.o
 .ARM.attributes
                0x0000000000000233       0x2d ./Drivers/STM32F1xx_HAL_Driver/Src/stm32f1xx_hal.o
 .ARM.attributes
                0x0000000000000260       0x2d ./Drivers/STM32F1xx_HAL_Driver/Src/stm32f1xx_hal_cortex.o
 .ARM.attributes
                0x000000000000028d       0x2d ./Drivers/STM32F1xx_HAL_Driver/Src/stm32f1xx_hal_dma.o
 .ARM.attributes
                0x00000000000002ba       0x2d ./Drivers/STM32F1xx_HAL_Driver/Src/stm32f1xx_hal_gpio.o
 .ARM.attributes
                0x00000000000002e7       0x2d ./Drivers/STM32F1xx_HAL_Driver/Src/stm32f1xx_hal_rcc.o
 .ARM.attributes
                0x0000000000000314       0x2d ./Drivers/STM32F1xx_HAL_Driver/Src/stm32f1xx_hal_tim.o
 .ARM.attributes
                0x0000000000000341       0x2d ./Drivers/STM32F1xx_HAL_Driver/Src/stm32f1xx_hal_tim_ex.o
 .ARM.attributes
                0x000000000000036e       0x2d ./Drivers/STM32F1xx_HAL_Driver/Src/stm32f1xx_hal_uart.o
 .ARM.attributes
                0x000000000000039b       0x2d c:/st/stm32cubeide_1.7.0/stm32cubeide/plugins/com.st.stm32cube.ide.mcu.externaltools.gnu-tools-for-stm32.9-2020-q2-update.win32_2.0.0.202105311346/tools/bin/../lib/gcc/arm-none-eabi/9.3.1/../../../../arm-none-eabi/lib/thumb/v7-m/nofp\libc_nano.a(lib_a-init.o)
 .ARM.attributes
                0x00000000000003c8       0x2d c:/st/stm32cubeide_1.7.0/stm32cubeide/plugins/com.st.stm32cube.ide.mcu.externaltools.gnu-tools-for-stm32.9-2020-q2-update.win32_2.0.0.202105311346/tools/bin/../lib/gcc/arm-none-eabi/9.3.1/../../../../arm-none-eabi/lib/thumb/v7-m/nofp\libc_nano.a(lib_a-memset.o)
 .ARM.attributes
                0x00000000000003f5       0x1d c:/st/stm32cubeide_1.7.0/stm32cubeide/plugins/com.st.stm32cube.ide.mcu.externaltools.gnu-tools-for-stm32.9-2020-q2-update.win32_2.0.0.202105311346/tools/bin/../lib/gcc/arm-none-eabi/9.3.1/thumb/v7-m/nofp/crtn.o
OUTPUT(midterm.elf elf32-littlearm)
LOAD linker stubs
LOAD c:/st/stm32cubeide_1.7.0/stm32cubeide/plugins/com.st.stm32cube.ide.mcu.externaltools.gnu-tools-for-stm32.9-2020-q2-update.win32_2.0.0.202105311346/tools/bin/../lib/gcc/arm-none-eabi/9.3.1/../../../../arm-none-eabi/lib/thumb/v7-m/nofp\libc.a
LOAD c:/st/stm32cubeide_1.7.0/stm32cubeide/plugins/com.st.stm32cube.ide.mcu.externaltools.gnu-tools-for-stm32.9-2020-q2-update.win32_2.0.0.202105311346/tools/bin/../lib/gcc/arm-none-eabi/9.3.1/../../../../arm-none-eabi/lib/thumb/v7-m/nofp\libm.a
LOAD c:/st/stm32cubeide_1.7.0/stm32cubeide/plugins/com.st.stm32cube.ide.mcu.externaltools.gnu-tools-for-stm32.9-2020-q2-update.win32_2.0.0.202105311346/tools/bin/../lib/gcc/arm-none-eabi/9.3.1/thumb/v7-m/nofp\libgcc.a

.debug_info     0x0000000000000000     0xcf4e
 .debug_info    0x0000000000000000      0x1f0 ./Core/Src/global.o
 .debug_info    0x00000000000001f0      0xb41 ./Core/Src/input_processing.o
 .debug_info    0x0000000000000d31      0x3f7 ./Core/Src/input_reading.o
 .debug_info    0x0000000000001128      0x27e ./Core/Src/led7seg.o
 .debug_info    0x00000000000013a6     0x171d ./Core/Src/main.o
 .debug_info    0x0000000000002ac3      0x22f ./Core/Src/software_timer.o
 .debug_info    0x0000000000002cf2      0xdaf ./Core/Src/stm32f1xx_hal_msp.o
 .debug_info    0x0000000000003aa1      0xa22 ./Core/Src/stm32f1xx_it.o
 .debug_info    0x00000000000044c3      0x2be ./Core/Src/system_stm32f1xx.o
 .debug_info    0x0000000000004781      0x7c0 ./Core/Src/timer.o
 .debug_info    0x0000000000004f41       0x22 ./Core/Startup/startup_stm32f103c6ux.o
 .debug_info    0x0000000000004f63      0x74c ./Drivers/STM32F1xx_HAL_Driver/Src/stm32f1xx_hal.o
 .debug_info    0x00000000000056af      0xbbe ./Drivers/STM32F1xx_HAL_Driver/Src/stm32f1xx_hal_cortex.o
 .debug_info    0x000000000000626d      0x81e ./Drivers/STM32F1xx_HAL_Driver/Src/stm32f1xx_hal_dma.o
 .debug_info    0x0000000000006a8b      0x701 ./Drivers/STM32F1xx_HAL_Driver/Src/stm32f1xx_hal_gpio.o
 .debug_info    0x000000000000718c      0x88e ./Drivers/STM32F1xx_HAL_Driver/Src/stm32f1xx_hal_rcc.o
 .debug_info    0x0000000000007a1a     0x2a45 ./Drivers/STM32F1xx_HAL_Driver/Src/stm32f1xx_hal_tim.o
 .debug_info    0x000000000000a45f     0x14d5 ./Drivers/STM32F1xx_HAL_Driver/Src/stm32f1xx_hal_tim_ex.o
 .debug_info    0x000000000000b934     0x161a ./Drivers/STM32F1xx_HAL_Driver/Src/stm32f1xx_hal_uart.o

.debug_abbrev   0x0000000000000000     0x218e
 .debug_abbrev  0x0000000000000000       0xa9 ./Core/Src/global.o
 .debug_abbrev  0x00000000000000a9      0x222 ./Core/Src/input_processing.o
 .debug_abbrev  0x00000000000002cb      0x15b ./Core/Src/input_reading.o
 .debug_abbrev  0x0000000000000426      0x11a ./Core/Src/led7seg.o
 .debug_abbrev  0x0000000000000540      0x2b9 ./Core/Src/main.o
 .debug_abbrev  0x00000000000007f9       0xb6 ./Core/Src/software_timer.o
 .debug_abbrev  0x00000000000008af      0x1c8 ./Core/Src/stm32f1xx_hal_msp.o
 .debug_abbrev  0x0000000000000a77      0x176 ./Core/Src/stm32f1xx_it.o
 .debug_abbrev  0x0000000000000bed      0x14e ./Core/Src/system_stm32f1xx.o
 .debug_abbrev  0x0000000000000d3b      0x16f ./Core/Src/timer.o
 .debug_abbrev  0x0000000000000eaa       0x12 ./Core/Startup/startup_stm32f103c6ux.o
 .debug_abbrev  0x0000000000000ebc      0x1ed ./Drivers/STM32F1xx_HAL_Driver/Src/stm32f1xx_hal.o
 .debug_abbrev  0x00000000000010a9      0x313 ./Drivers/STM32F1xx_HAL_Driver/Src/stm32f1xx_hal_cortex.o
 .debug_abbrev  0x00000000000013bc      0x228 ./Drivers/STM32F1xx_HAL_Driver/Src/stm32f1xx_hal_dma.o
 .debug_abbrev  0x00000000000015e4      0x1e8 ./Drivers/STM32F1xx_HAL_Driver/Src/stm32f1xx_hal_gpio.o
 .debug_abbrev  0x00000000000017cc      0x273 ./Drivers/STM32F1xx_HAL_Driver/Src/stm32f1xx_hal_rcc.o
 .debug_abbrev  0x0000000000001a3f      0x25e ./Drivers/STM32F1xx_HAL_Driver/Src/stm32f1xx_hal_tim.o
 .debug_abbrev  0x0000000000001c9d      0x266 ./Drivers/STM32F1xx_HAL_Driver/Src/stm32f1xx_hal_tim_ex.o
 .debug_abbrev  0x0000000000001f03      0x28b ./Drivers/STM32F1xx_HAL_Driver/Src/stm32f1xx_hal_uart.o

.debug_aranges  0x0000000000000000      0xce0
 .debug_aranges
                0x0000000000000000       0x18 ./Core/Src/global.o
 .debug_aranges
                0x0000000000000018       0x30 ./Core/Src/input_processing.o
 .debug_aranges
                0x0000000000000048       0x38 ./Core/Src/input_reading.o
 .debug_aranges
                0x0000000000000080       0x20 ./Core/Src/led7seg.o
 .debug_aranges
                0x00000000000000a0       0x48 ./Core/Src/main.o
 .debug_aranges
                0x00000000000000e8       0x58 ./Core/Src/software_timer.o
 .debug_aranges
                0x0000000000000140       0x40 ./Core/Src/stm32f1xx_hal_msp.o
 .debug_aranges
                0x0000000000000180       0x70 ./Core/Src/stm32f1xx_it.o
 .debug_aranges
                0x00000000000001f0       0x28 ./Core/Src/system_stm32f1xx.o
 .debug_aranges
                0x0000000000000218       0x20 ./Core/Src/timer.o
 .debug_aranges
                0x0000000000000238       0x28 ./Core/Startup/startup_stm32f103c6ux.o
 .debug_aranges
                0x0000000000000260       0xe0 ./Drivers/STM32F1xx_HAL_Driver/Src/stm32f1xx_hal.o
 .debug_aranges
                0x0000000000000340      0x100 ./Drivers/STM32F1xx_HAL_Driver/Src/stm32f1xx_hal_cortex.o
 .debug_aranges
                0x0000000000000440       0x80 ./Drivers/STM32F1xx_HAL_Driver/Src/stm32f1xx_hal_dma.o
 .debug_aranges
                0x00000000000004c0       0x58 ./Drivers/STM32F1xx_HAL_Driver/Src/stm32f1xx_hal_gpio.o
 .debug_aranges
                0x0000000000000518       0x90 ./Drivers/STM32F1xx_HAL_Driver/Src/stm32f1xx_hal_rcc.o
 .debug_aranges
                0x00000000000005a8      0x3d0 ./Drivers/STM32F1xx_HAL_Driver/Src/stm32f1xx_hal_tim.o
 .debug_aranges
                0x0000000000000978      0x168 ./Drivers/STM32F1xx_HAL_Driver/Src/stm32f1xx_hal_tim_ex.o
 .debug_aranges
                0x0000000000000ae0      0x200 ./Drivers/STM32F1xx_HAL_Driver/Src/stm32f1xx_hal_uart.o

.debug_macro    0x0000000000000000    0x18068
 .debug_macro   0x0000000000000000      0x1ba ./Core/Src/global.o
 .debug_macro   0x00000000000001ba      0xa9c ./Core/Src/global.o
 .debug_macro   0x0000000000000c56       0x52 ./Core/Src/global.o
 .debug_macro   0x0000000000000ca8      0x21b ./Core/Src/global.o
 .debug_macro   0x0000000000000ec3       0x2e ./Core/Src/global.o
 .debug_macro   0x0000000000000ef1       0x22 ./Core/Src/global.o
 .debug_macro   0x0000000000000f13       0x22 ./Core/Src/global.o
 .debug_macro   0x0000000000000f35       0x8e ./Core/Src/global.o
 .debug_macro   0x0000000000000fc3       0x51 ./Core/Src/global.o
 .debug_macro   0x0000000000001014      0x103 ./Core/Src/global.o
 .debug_macro   0x0000000000001117       0x6a ./Core/Src/global.o
 .debug_macro   0x0000000000001181      0x1df ./Core/Src/global.o
 .debug_macro   0x0000000000001360       0x1c ./Core/Src/global.o
 .debug_macro   0x000000000000137c       0x22 ./Core/Src/global.o
 .debug_macro   0x000000000000139e       0xc3 ./Core/Src/global.o
 .debug_macro   0x0000000000001461      0xd23 ./Core/Src/global.o
 .debug_macro   0x0000000000002184     0xde75 ./Core/Src/global.o
 .debug_macro   0x000000000000fff9       0x6d ./Core/Src/global.o
 .debug_macro   0x0000000000010066     0x3468 ./Core/Src/global.o
 .debug_macro   0x00000000000134ce      0x174 ./Core/Src/global.o
 .debug_macro   0x0000000000013642       0x5c ./Core/Src/global.o
 .debug_macro   0x000000000001369e      0x5be ./Core/Src/global.o
 .debug_macro   0x0000000000013c5c      0x1b7 ./Core/Src/global.o
 .debug_macro   0x0000000000013e13      0x1cb ./Core/Src/global.o
 .debug_macro   0x0000000000013fde      0x114 ./Core/Src/global.o
 .debug_macro   0x00000000000140f2      0x1b2 ./Core/Src/global.o
 .debug_macro   0x00000000000142a4       0x27 ./Core/Src/global.o
 .debug_macro   0x00000000000142cb      0x12f ./Core/Src/global.o
 .debug_macro   0x00000000000143fa      0x1bc ./Core/Src/global.o
 .debug_macro   0x00000000000145b6       0x34 ./Core/Src/global.o
 .debug_macro   0x00000000000145ea       0x3c ./Core/Src/global.o
 .debug_macro   0x0000000000014626       0x57 ./Core/Src/global.o
 .debug_macro   0x000000000001467d       0x88 ./Core/Src/global.o
 .debug_macro   0x0000000000014705      0x183 ./Core/Src/global.o
 .debug_macro   0x0000000000014888      0x141 ./Core/Src/global.o
 .debug_macro   0x00000000000149c9      0x8d1 ./Core/Src/global.o
 .debug_macro   0x000000000001529a      0x279 ./Core/Src/global.o
 .debug_macro   0x0000000000015513       0x69 ./Core/Src/global.o
 .debug_macro   0x000000000001557c      0x100 ./Core/Src/global.o
 .debug_macro   0x000000000001567c      0x34f ./Core/Src/input_processing.o
 .debug_macro   0x00000000000159cb       0x52 ./Core/Src/input_processing.o
 .debug_macro   0x0000000000015a1d       0x18 ./Core/Src/input_processing.o
 .debug_macro   0x0000000000015a35       0x3c ./Core/Src/input_processing.o
 .debug_macro   0x0000000000015a71       0x34 ./Core/Src/input_processing.o
 .debug_macro   0x0000000000015aa5       0x16 ./Core/Src/input_processing.o
 .debug_macro   0x0000000000015abb       0x35 ./Core/Src/input_processing.o
 .debug_macro   0x0000000000015af0      0x333 ./Core/Src/input_processing.o
 .debug_macro   0x0000000000015e23       0x10 ./Core/Src/input_processing.o
 .debug_macro   0x0000000000015e33       0x16 ./Core/Src/input_processing.o
 .debug_macro   0x0000000000015e49       0x43 ./Core/Src/input_processing.o
 .debug_macro   0x0000000000015e8c       0x34 ./Core/Src/input_processing.o
 .debug_macro   0x0000000000015ec0       0x10 ./Core/Src/input_processing.o
 .debug_macro   0x0000000000015ed0       0x58 ./Core/Src/input_processing.o
 .debug_macro   0x0000000000015f28       0x71 ./Core/Src/input_processing.o
 .debug_macro   0x0000000000015f99       0x1c ./Core/Src/input_processing.o
 .debug_macro   0x0000000000015fb5      0x12a ./Core/Src/input_processing.o
 .debug_macro   0x00000000000160df       0x10 ./Core/Src/input_processing.o
 .debug_macro   0x00000000000160ef       0x1c ./Core/Src/input_processing.o
 .debug_macro   0x000000000001610b       0x52 ./Core/Src/input_processing.o
 .debug_macro   0x000000000001615d       0x22 ./Core/Src/input_processing.o
 .debug_macro   0x000000000001617f       0x10 ./Core/Src/input_processing.o
 .debug_macro   0x000000000001618f       0x40 ./Core/Src/input_processing.o
 .debug_macro   0x00000000000161cf       0xd5 ./Core/Src/input_processing.o
 .debug_macro   0x00000000000162a4       0x1c ./Core/Src/input_processing.o
 .debug_macro   0x00000000000162c0       0x3d ./Core/Src/input_processing.o
 .debug_macro   0x00000000000162fd       0x16 ./Core/Src/input_processing.o
 .debug_macro   0x0000000000016313      0x145 ./Core/Src/input_processing.o
 .debug_macro   0x0000000000016458       0x16 ./Core/Src/input_processing.o
 .debug_macro   0x000000000001646e       0x1c ./Core/Src/input_processing.o
 .debug_macro   0x000000000001648a      0x1f0 ./Core/Src/input_reading.o
 .debug_macro   0x000000000001667a      0x1c7 ./Core/Src/led7seg.o
 .debug_macro   0x0000000000016841      0x34c ./Core/Src/main.o
 .debug_macro   0x0000000000016b8d       0x10 ./Core/Src/main.o
 .debug_macro   0x0000000000016b9d       0x1a ./Core/Src/software_timer.o
 .debug_macro   0x0000000000016bb7      0x1b1 ./Core/Src/stm32f1xx_hal_msp.o
 .debug_macro   0x0000000000016d68      0x1bb ./Core/Src/stm32f1xx_it.o
 .debug_macro   0x0000000000016f23      0x1a2 ./Core/Src/system_stm32f1xx.o
 .debug_macro   0x00000000000170c5      0x1f0 ./Core/Src/timer.o
 .debug_macro   0x00000000000172b5      0x1c6 ./Drivers/STM32F1xx_HAL_Driver/Src/stm32f1xx_hal.o
 .debug_macro   0x000000000001747b      0x1a2 ./Drivers/STM32F1xx_HAL_Driver/Src/stm32f1xx_hal_cortex.o
 .debug_macro   0x000000000001761d      0x1a2 ./Drivers/STM32F1xx_HAL_Driver/Src/stm32f1xx_hal_dma.o
 .debug_macro   0x00000000000177bf      0x20d ./Drivers/STM32F1xx_HAL_Driver/Src/stm32f1xx_hal_gpio.o
 .debug_macro   0x00000000000179cc      0x1b4 ./Drivers/STM32F1xx_HAL_Driver/Src/stm32f1xx_hal_rcc.o
 .debug_macro   0x0000000000017b80      0x1a3 ./Drivers/STM32F1xx_HAL_Driver/Src/stm32f1xx_hal_tim.o
 .debug_macro   0x0000000000017d23      0x1a2 ./Drivers/STM32F1xx_HAL_Driver/Src/stm32f1xx_hal_tim_ex.o
 .debug_macro   0x0000000000017ec5      0x1a3 ./Drivers/STM32F1xx_HAL_Driver/Src/stm32f1xx_hal_uart.o

.debug_line     0x0000000000000000     0xe37d
 .debug_line    0x0000000000000000      0x665 ./Core/Src/global.o
 .debug_line    0x0000000000000665      0x965 ./Core/Src/input_processing.o
 .debug_line    0x0000000000000fca      0x77d ./Core/Src/input_reading.o
 .debug_line    0x0000000000001747      0x694 ./Core/Src/led7seg.o
 .debug_line    0x0000000000001ddb      0xa04 ./Core/Src/main.o
 .debug_line    0x00000000000027df      0x192 ./Core/Src/software_timer.o
 .debug_line    0x0000000000002971      0x70f ./Core/Src/stm32f1xx_hal_msp.o
 .debug_line    0x0000000000003080      0x76f ./Core/Src/stm32f1xx_it.o
 .debug_line    0x00000000000037ef      0x6fb ./Core/Src/system_stm32f1xx.o
 .debug_line    0x0000000000003eea      0x6ce ./Core/Src/timer.o
 .debug_line    0x00000000000045b8       0x87 ./Core/Startup/startup_stm32f103c6ux.o
 .debug_line    0x000000000000463f      0x928 ./Drivers/STM32F1xx_HAL_Driver/Src/stm32f1xx_hal.o
 .debug_line    0x0000000000004f67      0xb10 ./Drivers/STM32F1xx_HAL_Driver/Src/stm32f1xx_hal_cortex.o
 .debug_line    0x0000000000005a77      0xd80 ./Drivers/STM32F1xx_HAL_Driver/Src/stm32f1xx_hal_dma.o
 .debug_line    0x00000000000067f7      0x9a9 ./Drivers/STM32F1xx_HAL_Driver/Src/stm32f1xx_hal_gpio.o
 .debug_line    0x00000000000071a0      0xd36 ./Drivers/STM32F1xx_HAL_Driver/Src/stm32f1xx_hal_rcc.o
 .debug_line    0x0000000000007ed6     0x3286 ./Drivers/STM32F1xx_HAL_Driver/Src/stm32f1xx_hal_tim.o
 .debug_line    0x000000000000b15c     0x181e ./Drivers/STM32F1xx_HAL_Driver/Src/stm32f1xx_hal_tim_ex.o
 .debug_line    0x000000000000c97a     0x1a03 ./Drivers/STM32F1xx_HAL_Driver/Src/stm32f1xx_hal_uart.o

.debug_str      0x0000000000000000    0x889e1
 .debug_str     0x0000000000000000    0x811de ./Core/Src/global.o
                                      0x81525 (size before relaxing)
 .debug_str     0x00000000000811de     0x41e7 ./Core/Src/input_processing.o
                                      0x8578e (size before relaxing)
 .debug_str     0x00000000000853c5      0x1ce ./Core/Src/input_reading.o
                                      0x81742 (size before relaxing)
 .debug_str     0x0000000000085593       0x2a ./Core/Src/led7seg.o
                                      0x8158b (size before relaxing)
 .debug_str     0x00000000000855bd      0x899 ./Core/Src/main.o
                                      0x860b2 (size before relaxing)
 .debug_str     0x0000000000085e56       0xc4 ./Core/Src/software_timer.o
                                       0x2ed5 (size before relaxing)
 .debug_str     0x0000000000085f1a      0x2e4 ./Core/Src/stm32f1xx_hal_msp.o
                                      0x81df2 (size before relaxing)
 .debug_str     0x00000000000861fe       0xdf ./Core/Src/stm32f1xx_it.o
                                      0x81b00 (size before relaxing)
 .debug_str     0x00000000000862dd       0x52 ./Core/Src/system_stm32f1xx.o
                                      0x810ba (size before relaxing)
 .debug_str     0x000000000008632f       0x45 ./Core/Src/timer.o
                                      0x81b18 (size before relaxing)
 .debug_str     0x0000000000086374       0x36 ./Core/Startup/startup_stm32f103c6ux.o
                                         0x61 (size before relaxing)
 .debug_str     0x00000000000863aa      0x304 ./Drivers/STM32F1xx_HAL_Driver/Src/stm32f1xx_hal.o
                                      0x81711 (size before relaxing)
 .debug_str     0x00000000000866ae      0x300 ./Drivers/STM32F1xx_HAL_Driver/Src/stm32f1xx_hal_cortex.o
                                      0x81719 (size before relaxing)
 .debug_str     0x00000000000869ae      0x235 ./Drivers/STM32F1xx_HAL_Driver/Src/stm32f1xx_hal_dma.o
                                      0x81495 (size before relaxing)
 .debug_str     0x0000000000086be3      0x311 ./Drivers/STM32F1xx_HAL_Driver/Src/stm32f1xx_hal_gpio.o
                                      0x8147e (size before relaxing)
 .debug_str     0x0000000000086ef4      0x24f ./Drivers/STM32F1xx_HAL_Driver/Src/stm32f1xx_hal_rcc.o
                                      0x814b7 (size before relaxing)
 .debug_str     0x0000000000087143      0xdc3 ./Drivers/STM32F1xx_HAL_Driver/Src/stm32f1xx_hal_tim.o
                                      0x82489 (size before relaxing)
 .debug_str     0x0000000000087f06      0x4ee ./Drivers/STM32F1xx_HAL_Driver/Src/stm32f1xx_hal_tim_ex.o
                                      0x81c3a (size before relaxing)
 .debug_str     0x00000000000883f4      0x5ed ./Drivers/STM32F1xx_HAL_Driver/Src/stm32f1xx_hal_uart.o
                                      0x81aa9 (size before relaxing)

.comment        0x0000000000000000       0x53
 .comment       0x0000000000000000       0x53 ./Core/Src/global.o
                                         0x54 (size before relaxing)
 .comment       0x0000000000000053       0x54 ./Core/Src/input_processing.o
 .comment       0x0000000000000053       0x54 ./Core/Src/input_reading.o
 .comment       0x0000000000000053       0x54 ./Core/Src/led7seg.o
 .comment       0x0000000000000053       0x54 ./Core/Src/main.o
 .comment       0x0000000000000053       0x54 ./Core/Src/software_timer.o
 .comment       0x0000000000000053       0x54 ./Core/Src/stm32f1xx_hal_msp.o
 .comment       0x0000000000000053       0x54 ./Core/Src/stm32f1xx_it.o
 .comment       0x0000000000000053       0x54 ./Core/Src/system_stm32f1xx.o
 .comment       0x0000000000000053       0x54 ./Core/Src/timer.o
 .comment       0x0000000000000053       0x54 ./Drivers/STM32F1xx_HAL_Driver/Src/stm32f1xx_hal.o
 .comment       0x0000000000000053       0x54 ./Drivers/STM32F1xx_HAL_Driver/Src/stm32f1xx_hal_cortex.o
 .comment       0x0000000000000053       0x54 ./Drivers/STM32F1xx_HAL_Driver/Src/stm32f1xx_hal_dma.o
 .comment       0x0000000000000053       0x54 ./Drivers/STM32F1xx_HAL_Driver/Src/stm32f1xx_hal_gpio.o
 .comment       0x0000000000000053       0x54 ./Drivers/STM32F1xx_HAL_Driver/Src/stm32f1xx_hal_rcc.o
 .comment       0x0000000000000053       0x54 ./Drivers/STM32F1xx_HAL_Driver/Src/stm32f1xx_hal_tim.o
 .comment       0x0000000000000053       0x54 ./Drivers/STM32F1xx_HAL_Driver/Src/stm32f1xx_hal_tim_ex.o
 .comment       0x0000000000000053       0x54 ./Drivers/STM32F1xx_HAL_Driver/Src/stm32f1xx_hal_uart.o

.debug_ranges   0x0000000000000000      0xbe0
 .debug_ranges  0x0000000000000000       0x20 ./Core/Src/input_processing.o
 .debug_ranges  0x0000000000000020       0x28 ./Core/Src/input_reading.o
 .debug_ranges  0x0000000000000048       0x10 ./Core/Src/led7seg.o
 .debug_ranges  0x0000000000000058       0x38 ./Core/Src/main.o
 .debug_ranges  0x0000000000000090       0x48 ./Core/Src/software_timer.o
 .debug_ranges  0x00000000000000d8       0x30 ./Core/Src/stm32f1xx_hal_msp.o
 .debug_ranges  0x0000000000000108       0x60 ./Core/Src/stm32f1xx_it.o
 .debug_ranges  0x0000000000000168       0x18 ./Core/Src/system_stm32f1xx.o
 .debug_ranges  0x0000000000000180       0x10 ./Core/Src/timer.o
 .debug_ranges  0x0000000000000190       0x20 ./Core/Startup/startup_stm32f103c6ux.o
 .debug_ranges  0x00000000000001b0       0xd0 ./Drivers/STM32F1xx_HAL_Driver/Src/stm32f1xx_hal.o
 .debug_ranges  0x0000000000000280       0xf0 ./Drivers/STM32F1xx_HAL_Driver/Src/stm32f1xx_hal_cortex.o
 .debug_ranges  0x0000000000000370       0x70 ./Drivers/STM32F1xx_HAL_Driver/Src/stm32f1xx_hal_dma.o
 .debug_ranges  0x00000000000003e0       0x48 ./Drivers/STM32F1xx_HAL_Driver/Src/stm32f1xx_hal_gpio.o
 .debug_ranges  0x0000000000000428       0x80 ./Drivers/STM32F1xx_HAL_Driver/Src/stm32f1xx_hal_rcc.o
 .debug_ranges  0x00000000000004a8      0x3c0 ./Drivers/STM32F1xx_HAL_Driver/Src/stm32f1xx_hal_tim.o
 .debug_ranges  0x0000000000000868      0x158 ./Drivers/STM32F1xx_HAL_Driver/Src/stm32f1xx_hal_tim_ex.o
 .debug_ranges  0x00000000000009c0      0x220 ./Drivers/STM32F1xx_HAL_Driver/Src/stm32f1xx_hal_uart.o

.debug_frame    0x0000000000000000     0x3400
 .debug_frame   0x0000000000000000       0x6c ./Core/Src/input_processing.o
 .debug_frame   0x000000000000006c       0xac ./Core/Src/input_reading.o
 .debug_frame   0x0000000000000118       0x38 ./Core/Src/led7seg.o
 .debug_frame   0x0000000000000150       0xcc ./Core/Src/main.o
 .debug_frame   0x000000000000021c      0x138 ./Core/Src/software_timer.o
 .debug_frame   0x0000000000000354       0xc8 ./Core/Src/stm32f1xx_hal_msp.o
 .debug_frame   0x000000000000041c      0x13c ./Core/Src/stm32f1xx_it.o
 .debug_frame   0x0000000000000558       0x58 ./Core/Src/system_stm32f1xx.o
 .debug_frame   0x00000000000005b0       0x34 ./Core/Src/timer.o
 .debug_frame   0x00000000000005e4      0x334 ./Drivers/STM32F1xx_HAL_Driver/Src/stm32f1xx_hal.o
 .debug_frame   0x0000000000000918      0x428 ./Drivers/STM32F1xx_HAL_Driver/Src/stm32f1xx_hal_cortex.o
 .debug_frame   0x0000000000000d40      0x208 ./Drivers/STM32F1xx_HAL_Driver/Src/stm32f1xx_hal_dma.o
 .debug_frame   0x0000000000000f48      0x14c ./Drivers/STM32F1xx_HAL_Driver/Src/stm32f1xx_hal_gpio.o
 .debug_frame   0x0000000000001094      0x21c ./Drivers/STM32F1xx_HAL_Driver/Src/stm32f1xx_hal_rcc.o
 .debug_frame   0x00000000000012b0     0x11b8 ./Drivers/STM32F1xx_HAL_Driver/Src/stm32f1xx_hal_tim.o
 .debug_frame   0x0000000000002468      0x638 ./Drivers/STM32F1xx_HAL_Driver/Src/stm32f1xx_hal_tim_ex.o
 .debug_frame   0x0000000000002aa0      0x914 ./Drivers/STM32F1xx_HAL_Driver/Src/stm32f1xx_hal_uart.o
 .debug_frame   0x00000000000033b4       0x2c c:/st/stm32cubeide_1.7.0/stm32cubeide/plugins/com.st.stm32cube.ide.mcu.externaltools.gnu-tools-for-stm32.9-2020-q2-update.win32_2.0.0.202105311346/tools/bin/../lib/gcc/arm-none-eabi/9.3.1/../../../../arm-none-eabi/lib/thumb/v7-m/nofp\libc_nano.a(lib_a-init.o)
 .debug_frame   0x00000000000033e0       0x20 c:/st/stm32cubeide_1.7.0/stm32cubeide/plugins/com.st.stm32cube.ide.mcu.externaltools.gnu-tools-for-stm32.9-2020-q2-update.win32_2.0.0.202105311346/tools/bin/../lib/gcc/arm-none-eabi/9.3.1/../../../../arm-none-eabi/lib/thumb/v7-m/nofp\libc_nano.a(lib_a-memset.o)
